Traceback (most recent call last):
  File "/root/mo-e_-merge_and_-update_-mec/A_expert_merge_our_layerCross.py", line 1, in <module>
    import lm_eval
  File "/root/mo-e_-merge_and_-update_-mec/lm_eval/__init__.py", line 1, in <module>
    from .evaluator import evaluate, simple_evaluate
  File "/root/mo-e_-merge_and_-update_-mec/lm_eval/evaluator.py", line 12, in <module>
    import lm_eval.api.metrics
  File "/root/mo-e_-merge_and_-update_-mec/lm_eval/api/metrics.py", line 12, in <module>
    from lm_eval.api.registry import register_aggregation, register_metric
  File "/root/mo-e_-merge_and_-update_-mec/lm_eval/api/registry.py", line 4, in <module>
    import evaluate as hf_evaluate
  File "/root/miniconda3/lib/python3.12/site-packages/evaluate/__init__.py", line 29, in <module>
    from .evaluation_suite import EvaluationSuite
  File "/root/miniconda3/lib/python3.12/site-packages/evaluate/evaluation_suite/__init__.py", line 10, in <module>
    from ..evaluator import evaluator
  File "/root/miniconda3/lib/python3.12/site-packages/evaluate/evaluator/__init__.py", line 17, in <module>
    from transformers.pipelines import SUPPORTED_TASKS as SUPPORTED_PIPELINE_TASKS
  File "/root/miniconda3/lib/python3.12/site-packages/transformers/pipelines/__init__.py", line 26, in <module>
    from ..image_processing_utils import BaseImageProcessor
  File "/root/miniconda3/lib/python3.12/site-packages/transformers/image_processing_utils.py", line 22, in <module>
    from .image_transforms import center_crop, normalize, rescale
  File "/root/miniconda3/lib/python3.12/site-packages/transformers/image_transforms.py", line 21, in <module>
    from .image_utils import (
  File "/root/miniconda3/lib/python3.12/site-packages/transformers/image_utils.py", line 64, in <module>
    from torchvision import io as torchvision_io
  File "/root/miniconda3/lib/python3.12/site-packages/torchvision/__init__.py", line 10, in <module>
    from torchvision import _meta_registrations, datasets, io, models, ops, transforms, utils  # usort:skip
    ^^^^^^^^^^^^^^^^^^^^^^^^^^^^^^^^^^^^^^^^^^^^^^^^^^^^^^^^^^^^^^^^^^^^^^^^^^^^^^^^^^^^^^^^^
  File "/root/miniconda3/lib/python3.12/site-packages/torchvision/models/__init__.py", line 2, in <module>
    from .convnext import *
  File "/root/miniconda3/lib/python3.12/site-packages/torchvision/models/convnext.py", line 8, in <module>
    from ..ops.misc import Conv2dNormActivation, Permute
  File "/root/miniconda3/lib/python3.12/site-packages/torchvision/ops/__init__.py", line 23, in <module>
    from .poolers import MultiScaleRoIAlign
  File "/root/miniconda3/lib/python3.12/site-packages/torchvision/ops/poolers.py", line 10, in <module>
    from .roi_align import roi_align
  File "/root/miniconda3/lib/python3.12/site-packages/torchvision/ops/roi_align.py", line 7, in <module>
    from torch._dynamo.utils import is_compile_supported
  File "/root/miniconda3/lib/python3.12/site-packages/torch/_dynamo/__init__.py", line 3, in <module>
    from . import convert_frame, eval_frame, resume_execution
  File "/root/miniconda3/lib/python3.12/site-packages/torch/_dynamo/convert_frame.py", line 31, in <module>
    from torch._dynamo.utils import CompileTimeInstructionCounter
  File "/root/miniconda3/lib/python3.12/site-packages/torch/_dynamo/utils.py", line 62, in <module>
    import torch.fx.experimental.symbolic_shapes
  File "/root/miniconda3/lib/python3.12/site-packages/torch/fx/experimental/symbolic_shapes.py", line 65, in <module>
    from torch.utils._sympy.functions import (
  File "/root/miniconda3/lib/python3.12/site-packages/torch/utils/_sympy/functions.py", line 7, in <module>
    import sympy
  File "/root/miniconda3/lib/python3.12/site-packages/sympy/__init__.py", line 74, in <module>
    from .polys import (Poly, PurePoly, poly_from_expr, parallel_poly_from_expr,
  File "/root/miniconda3/lib/python3.12/site-packages/sympy/polys/__init__.py", line 79, in <module>
    from .polyfuncs import (symmetrize, horner, interpolate,
  File "/root/miniconda3/lib/python3.12/site-packages/sympy/polys/polyfuncs.py", line 10, in <module>
    from sympy.polys.specialpolys import (
  File "/root/miniconda3/lib/python3.12/site-packages/sympy/polys/specialpolys.py", line 298, in <module>
    from sympy.polys.rings import ring
  File "/root/miniconda3/lib/python3.12/site-packages/sympy/polys/rings.py", line 15, in <module>
    from sympy.polys.compatibility import IPolys
  File "/root/miniconda3/lib/python3.12/site-packages/sympy/polys/compatibility.py", line 232, in <module>
    class IPolys:
KeyboardInterrupt
